[Licensing::Module] Trying to connect to existing licensing client channel...
Built from '6000.5/staging' branch; Version is '6000.5.2f1 (eb73d3b415a1) revision 15430611'; Using compiler version '194234433'; Build Type 'Release'
[Licensing::IpcConnector] Successfully connected to: "LicenseClient-thhon" at "2026-07-30T15:49:58.9139913Z"
OS: 'Windows 11  (10.0.26200) Core' Language: 'ko' Physical Memory: 16065 MB
BatchMode: 0, IsHumanControllingUs: 1, StartBugReporterOnCrash: 1, Is64bit: 1
System  architecture: x64
Process architecture: x64
Date: 2026-07-30T15:49:58Z

COMMAND LINE ARGUMENTS:
C:\Program Files\Unity\Hub\Editor\6000.5.2f1\Editor\Unity.exe
-projectpath
C:\Users\thhon\UnityFiles\TlimFinalProj2Dshooter
-acceptSoftwareTermsForThisRunOnly
-useHub
-hubIPC
-cloudEnvironment
production
-licensingIpc
LicenseClient-thhon
-hubSessionId
771e1272-6f29-49ec-9d14-37789a9f8f2b
-accessToken
YoMCiaomltNPPK3k2eb8YZ_4PoaEG3XtOMooajEci8g00df
Successfully changed project path to: C:\Users\thhon\UnityFiles\TlimFinalProj2Dshooter
C:/Users/thhon/UnityFiles/TlimFinalProj2Dshooter
[UnityMemory] Configuration Parameters - Can be set up in boot.config
    "memorysetup-temp-allocator-size-gi-baking-worker=262144"
    "memorysetup-temp-allocator-size-gi-baking-worker=262144"
    "memorysetup-temp-allocator-size-gi-baking-worker=262144"
    "memorysetup-temp-allocator-size-gi-baking-worker=262144"
    "memorysetup-temp-allocator-size-gi-baking-worker=262144"
    "memorysetup-temp-allocator-size-nav-mesh-worker=65536"
    "memorysetup-temp-allocator-size-audio-worker=65536"
    "memorysetup-temp-allocator-size-cloud-worker=32768"
    "memorysetup-temp-allocator-size-gfx=262144"
    "memorysetup-temp-allocator-size-preload-manager=33554432"
    "memorysetup-allocator-temp-initial-block-size-main=262144"
    "memorysetup-allocator-temp-initial-block-size-worker=262144"
    "memorysetup-temp-allocator-size-job-worker=262144"
    "memorysetup-temp-allocator-size-background-worker=32768"
    "memorysetup-bucket-allocator-granularity=16"
    "memorysetup-bucket-allocator-bucket-count=8"
    "memorysetup-bucket-allocator-block-size=33554432"
    "memorysetup-bucket-allocator-block-count=8"
    "memorysetup-main-allocator-block-size=16777216"
    "memorysetup-thread-allocator-block-size=16777216"
    "memorysetup-main-allocator-mimalloc-enabled=0"
    "memorysetup-gfx-main-allocator-block-size=16777216"
    "memorysetup-gfx-thread-allocator-block-size=16777216"
    "memorysetup-cache-allocator-block-size=4194304"
    "memorysetup-typetree-allocator-block-size=2097152"
    "memorysetup-profiler-bucket-allocator-granularity=16"
    "memorysetup-profiler-bucket-allocator-bucket-count=8"
    "memorysetup-profiler-bucket-allocator-block-size=33554432"
    "memorysetup-profiler-bucket-allocator-block-count=8"
    "memorysetup-profiler-allocator-block-size=16777216"
    "memorysetup-profiler-editor-allocator-block-size=1048576"
    "memorysetup-temp-allocator-size-main=16777216"
    "memorysetup-job-temp-allocator-block-size=2097152"
    "memorysetup-job-temp-allocator-block-size-background=1048576"
    "memorysetup-job-temp-allocator-reduction-small-platforms=262144"
Player connection [29756]  Target information:

Player connection [29756]  * "[IP] 10.80.80.15 [Port] 55504 [Flags] 2 [Guid] 304973137 [EditorId] 304973137 [Version] 1048832 [Id] WindowsEditor(7,THLimCom) [Debug] 1 [PackageName] WindowsEditor [ProjectName] Editor" 

Player connection [29756] Host joined multi-casting on [225.0.0.222:54997]...
Player connection [29756] Host joined alternative multi-casting on [225.0.0.222:34997]...
Input System module state changed to: Initialized.
[Physics::Module] Initialized fallback backend.
[Physics::Module] Id: 0xdecafbad
[Package Manager] Connected to IPC stream "Upm-2192" after 0.5 seconds.
[Licensing::Module] Licensing is not yet initialized.
[Licensing::Client] Error: HandshakeResponse reported an error:
	ResponseCode: 505
	ResponseStatus: Unsupported protocol version '1.18.1'.
[Licensing::Module] Error: Failed to handshake to channel: "LicenseClient-thhon"
[Licensing::IpcConnector] LicenseClient-thhon channel disconnected successfully.
[Licensing::IpcConnector] Channel LicenseClient-thhon-6000.5.2 doesn't exist
[Licensing::Module] Successfully launched the LicensingClient (PId: 6996)
Starting IPC server.
Waiting for clients to connect on \\.\pipe\Unity-LicenseClient-thhon-6000.5.2, press Ctrl-C to exit.
[Licensing::IpcConnector] Successfully connected to: "LicenseClient-thhon-6000.5.2" at "2026-07-30T15:50:05.0614451Z"
[Licensing::Client] Code 10 while verifying Licensing Client signature (process Id: 6996, path: "C:/Program Files/Unity/Hub/Editor/6000.5.2f1/Editor/Data/Resources/Licensing/Client/Unity.Licensing.Client.exe")
[Licensing::Module] LicensingClient has failed validation; ignoring
[Licensing::Client] Handshaking with LicensingClient:
  Version:                 1.18.1+9fbee8e
  Session Id:              7cdf9bb4ef7a4777af42957c26ba66c0
  Correlation Id:          f5c44145049d80072d9a66f9d6f0b755
  External correlation Id: 7064360499812865265
  Machine Id:              HqL/+UDvf5OVcEJmbi/E+qes+Gs=
[Licensing::Module] Successfully connected to LicensingClient on channel: "LicenseClient-thhon-6000.5.2" (connect: 1.30s, validation: 0.26s, handshake: 0.07s)
[Licensing::IpcConnector] Successfully connected to: "LicenseClient-thhon-6000.5.2-notifications" at "2026-07-30T15:50:05.3982673Z"
[Licensing::Module] Connected to LicensingClient (PId: 6996, launch time: 0.05, total connection time: 1.64s)
[Licensing::Client] Successfully updated the access token
[Licensing::Module] Successfully updated the access token YoMCiaomlt...
[Licensing::Client] Successfully resolved entitlement details
[Licensing::Module] License group:
  Id: 14568790691537-UnityPersXXXX
  Product: Unity Personal
  Type: Assigned
  Expiration: Unlimited
[Licensing::Client] Successfully updated license, isAsync: True, time: 0.02
[Licensing::Client] Successfully resolved entitlement details
[Licensing::Module] Licensing Background thread has ended after 6.60s
[Licensing::Module] Licensing is initialized (took 5.06s).
[Licensing::Client] Successfully resolved entitlement details
Library Redirect Path: Library/
[Physics::Module] Selected backend.
[Physics::Module] Name: PhysX
[Physics::Module] Id: 0xf2b8ea05
[Physics::Module] SDK Version: 4.1.2
[Physics::Module] Integration Version: 1.0.0
[Physics::Module] Threading Mode: Multi-Threaded
Initialize engine version: 6000.5.2f1 (eb73d3b415a1)
[Subsystems] Discovering subsystems at path C:/Program Files/Unity/Hub/Editor/6000.5.2f1/Editor/Data/Resources/UnitySubsystems
[Subsystems] Discovering subsystems at path C:/Users/thhon/UnityFiles/TlimFinalProj2Dshooter/Assets
[D3D12 Device Filter] Vendor Name: Intel
[D3D12 Device Filter] Device Name: Intel(R) Iris(R) Xe Graphics
[D3D12 Device Filter] Driver Version: 32.0.101.7084
[D3D12 Device Filter] Feature Level: 12.1
[D3D12 Device Filter] Graphics Memory: 8032 MB
[D3D12 Device Filter] Processor Count: 12
[D3D12 Device Filter] Device Type: Integrated
[D3D12 Device Filter] D3D12 API denied by user filter: {"Vendor": "Intel", "Device Type:": Integrated}
GfxDevice: creating device client; kGfxThreadingModeThreaded
Direct3D:
    Version:  Direct3D 11.0 [level 11.1]
    Renderer: Intel(R) Iris(R) Xe Graphics (ID=0xa7a1)
    Vendor:   Intel
    VRAM:     8032 MB
    Driver:   32.0.101.7084
Initialize mono
Mono path[0] = 'C:/Program Files/Unity/Hub/Editor/6000.5.2f1/Editor/Data/Managed'
Mono path[1] = 'C:/Program Files/Unity/Hub/Editor/6000.5.2f1/Editor/Data/BCLExtensions/runtime/netstandard2.1'
Mono path[2] = 'C:/Program Files/Unity/Hub/Editor/6000.5.2f1/Editor/Data/MonoBleedingEdge/lib/mono/unityjit-win32'
Mono config path = 'C:/Program Files/Unity/Hub/Editor/6000.5.2f1/Editor/Data/MonoBleedingEdge/etc'
Using monoOptions --debugger-agent=transport=dt_socket,embedding=1,server=y,suspend=n,address=127.0.0.1:56192
CodeReloadManager initialized
ImportWorker Server TCP listen port: 0
AcceleratorClientConnectionCallback - disconnected - :0
Begin MonoManager ReloadAssembly
Registering precompiled unity dll's ...
Register platform support module: C:/Program Files/Unity/Hub/Editor/6000.5.2f1/Editor/Data/PlaybackEngines/WindowsStandaloneSupport/UnityEditor.WindowsStandalone.Extensions.dll
Registered in 0.009562 seconds.
Native extension for WindowsStandalone target not found
Package Manager log level set to [2]
ScheduleIndexationOnStartup MainProcess:False IndexOnStartup:True
Mono: successfully reloaded assembly
- Finished resetting the current domain, in  0.818 seconds
Domain Reload Profiling: 1925ms
	BeginReloadAssembly (378ms)
		CreateAndSetChildDomain (18ms)
	RebuildCommonClasses (10ms)
	RebuildNativeTypeToScriptingClass (35ms)
	initialDomainReloadingComplete (185ms)
	LoadAllAssembliesAndSetupDomain (495ms)
		LoadAssemblies (337ms)
		AnalyzeDomain (368ms)
			TypeCache.Refresh (365ms)
				TypeCache.ScanAssembly (339ms)
	FinalizeReload (822ms)
		SetupLoadedEditorAssemblies (0ms)
			InitializePlatformSupportModulesInManaged (4ms)
			BeforeProcessingInitializeOnLoad (167ms)
			ProcessInitializeOnLoadAttributes (156ms)
			ProcessInitializeOnLoadMethodAttributes (374ms)
[Licensing::Client] Successfully resolved entitlement details
Application.AssetDatabase Initial Refresh Start
[Package Manager] Restoring resolved packages state from cache
[Licensing::Client] Successfully resolved entitlement details
[Package Manager] Registered 65 packages:
  Packages from [https://packages.unity.com]:
    com.unity.2d.animation@15.1.0 (location: C:\Users\thhon\UnityFiles\TlimFinalProj2Dshooter\Library\PackageCache\com.unity.2d.animation@6d5a363ae647)
    com.unity.2d.aseprite@5.0.3 (location: C:\Users\thhon\UnityFiles\TlimFinalProj2Dshooter\Library\PackageCache\com.unity.2d.aseprite@d13865913efa)
    com.unity.2d.psdimporter@14.0.3 (location: C:\Users\thhon\UnityFiles\TlimFinalProj2Dshooter\Library\PackageCache\com.unity.2d.psdimporter@5d82044f9e43)
    com.unity.2d.spriteshape@15.0.3 (location: C:\Users\thhon\UnityFiles\TlimFinalProj2Dshooter\Library\PackageCache\com.unity.2d.spriteshape@fcb7ec61a58b)
    com.unity.2d.tilemap.extras@8.0.3 (location: C:\Users\thhon\UnityFiles\TlimFinalProj2Dshooter\Library\PackageCache\com.unity.2d.tilemap.extras@a80140457adc)
    com.unity.2d.tooling@3.0.1 (location: C:\Users\thhon\UnityFiles\TlimFinalProj2Dshooter\Library\PackageCache\com.unity.2d.tooling@6f06ffb033c0)
    com.unity.collab-proxy@2.12.4 (location: C:\Users\thhon\UnityFiles\TlimFinalProj2Dshooter\Library\PackageCache\com.unity.collab-proxy@0b1559bcd34e)
    com.unity.ide.rider@3.0.38 (location: C:\Users\thhon\UnityFiles\TlimFinalProj2Dshooter\Library\PackageCache\com.unity.ide.rider@1f60b3138684)
    com.unity.ide.visualstudio@2.0.26 (location: C:\Users\thhon\UnityFiles\TlimFinalProj2Dshooter\Library\PackageCache\com.unity.ide.visualstudio@a99d56dec63f)
    com.unity.inputsystem@1.19.0 (location: C:\Users\thhon\UnityFiles\TlimFinalProj2Dshooter\Library\PackageCache\com.unity.inputsystem@21a28c3a6c83)
    com.unity.timeline@1.8.12 (location: C:\Users\thhon\UnityFiles\TlimFinalProj2Dshooter\Library\PackageCache\com.unity.timeline@8cd8509afae5)
    com.unity.visualscripting@1.9.11 (location: C:\Users\thhon\UnityFiles\TlimFinalProj2Dshooter\Library\PackageCache\com.unity.visualscripting@8bed5ad90189)
    com.unity.2d.common@14.0.1 (location: C:\Users\thhon\UnityFiles\TlimFinalProj2Dshooter\Library\PackageCache\com.unity.2d.common@73badf92ba8b)
    com.unity.searcher@4.9.4 (location: C:\Users\thhon\UnityFiles\TlimFinalProj2Dshooter\Library\PackageCache\com.unity.searcher@d45a78918735)
    com.unity.burst@1.8.29 (location: C:\Users\thhon\UnityFiles\TlimFinalProj2Dshooter\Library\PackageCache\com.unity.burst@6bb9aca3ef38)
    com.unity.nuget.mono-cecil@1.11.6 (location: C:\Users\thhon\UnityFiles\TlimFinalProj2Dshooter\Library\PackageCache\com.unity.nuget.mono-cecil@ecb9724e46ff)
    com.unity.test-framework.performance@3.5.0 (location: C:\Users\thhon\UnityFiles\TlimFinalProj2Dshooter\Library\PackageCache\com.unity.test-framework.performance@8b56083ec0f0)
  Built-in packages:
    com.unity.2d.sprite@1.0.0 (location: C:\Users\thhon\UnityFiles\TlimFinalProj2Dshooter\Library\PackageCache\com.unity.2d.sprite@053a968eab56)
    com.unity.2d.tilemap@1.0.0 (location: C:\Users\thhon\UnityFiles\TlimFinalProj2Dshooter\Library\PackageCache\com.unity.2d.tilemap@be0bacb99591)
    com.unity.multiplayer.center@1.0.1 (location: C:\Users\thhon\UnityFiles\TlimFinalProj2Dshooter\Library\PackageCache\com.unity.multiplayer.center@b860850997d0)
    com.unity.render-pipelines.universal@17.5.0 (location: C:\Users\thhon\UnityFiles\TlimFinalProj2Dshooter\Library\PackageCache\com.unity.render-pipelines.universal@748d7458cc62)
    com.unity.test-framework@1.7.0 (location: C:\Users\thhon\UnityFiles\TlimFinalProj2Dshooter\Library\PackageCache\com.unity.test-framework@1405238725ab)
    com.unity.ugui@2.5.0 (location: C:\Users\thhon\UnityFiles\TlimFinalProj2Dshooter\Library\PackageCache\com.unity.ugui@3d1ea40b73ef)
    com.unity.modules.accessibility@1.0.0 (location: C:\Users\thhon\UnityFiles\TlimFinalProj2Dshooter\Library\PackageCache\com.unity.modules.accessibility)
    com.unity.modules.adaptiveperformance@1.0.0 (location: C:\Users\thhon\UnityFiles\TlimFinalProj2Dshooter\Library\PackageCache\com.unity.modules.adaptiveperformance)
    com.unity.modules.ai@1.0.0 (location: C:\Users\thhon\UnityFiles\TlimFinalProj2Dshooter\Library\PackageCache\com.unity.modules.ai)
    com.unity.modules.androidjni@1.0.0 (location: C:\Users\thhon\UnityFiles\TlimFinalProj2Dshooter\Library\PackageCache\com.unity.modules.androidjni)
    com.unity.modules.animation@1.0.0 (location: C:\Users\thhon\UnityFiles\TlimFinalProj2Dshooter\Library\PackageCache\com.unity.modules.animation)
    com.unity.modules.assetbundle@1.0.0 (location: C:\Users\thhon\UnityFiles\TlimFinalProj2Dshooter\Library\PackageCache\com.unity.modules.assetbundle)
    com.unity.modules.audio@1.0.0 (location: C:\Users\thhon\UnityFiles\TlimFinalProj2Dshooter\Library\PackageCache\com.unity.modules.audio)
    com.unity.modules.cloth@1.0.0 (location: C:\Users\thhon\UnityFiles\TlimFinalProj2Dshooter\Library\PackageCache\com.unity.modules.cloth)
    com.unity.modules.director@1.0.0 (location: C:\Users\thhon\UnityFiles\TlimFinalProj2Dshooter\Library\PackageCache\com.unity.modules.director)
    com.unity.modules.imageconversion@1.0.0 (location: C:\Users\thhon\UnityFiles\TlimFinalProj2Dshooter\Library\PackageCache\com.unity.modules.imageconversion)
    com.unity.modules.imgui@1.0.0 (location: C:\Users\thhon\UnityFiles\TlimFinalProj2Dshooter\Library\PackageCache\com.unity.modules.imgui)
    com.unity.modules.jsonserialize@1.0.0 (location: C:\Users\thhon\UnityFiles\TlimFinalProj2Dshooter\Library\PackageCache\com.unity.modules.jsonserialize)
    com.unity.modules.particlesystem@1.0.0 (location: C:\Users\thhon\UnityFiles\TlimFinalProj2Dshooter\Library\PackageCache\com.unity.modules.particlesystem)
    com.unity.modules.physics@1.0.0 (location: C:\Users\thhon\UnityFiles\TlimFinalProj2Dshooter\Library\PackageCache\com.unity.modules.physics)
    com.unity.modules.physics2d@1.0.0 (location: C:\Users\thhon\UnityFiles\TlimFinalProj2Dshooter\Library\PackageCache\com.unity.modules.physics2d)
    com.unity.modules.physicscore2d@1.0.0 (location: C:\Users\thhon\UnityFiles\TlimFinalProj2Dshooter\Library\PackageCache\com.unity.modules.physicscore2d)
    com.unity.modules.screencapture@1.0.0 (location: C:\Users\thhon\UnityFiles\TlimFinalProj2Dshooter\Library\PackageCache\com.unity.modules.screencapture)
    com.unity.modules.terrain@1.0.0 (location: C:\Users\thhon\UnityFiles\TlimFinalProj2Dshooter\Library\PackageCache\com.unity.modules.terrain)
    com.unity.modules.terrainphysics@1.0.0 (location: C:\Users\thhon\UnityFiles\TlimFinalProj2Dshooter\Library\PackageCache\com.unity.modules.terrainphysics)
    com.unity.modules.tilemap@1.0.0 (location: C:\Users\thhon\UnityFiles\TlimFinalProj2Dshooter\Library\PackageCache\com.unity.modules.tilemap)
    com.unity.modules.ui@1.0.0 (location: C:\Users\thhon\UnityFiles\TlimFinalProj2Dshooter\Library\PackageCache\com.unity.modules.ui)
    com.unity.modules.uielements@1.0.0 (location: C:\Users\thhon\UnityFiles\TlimFinalProj2Dshooter\Library\PackageCache\com.unity.modules.uielements)
    com.unity.modules.umbra@1.0.0 (location: C:\Users\thhon\UnityFiles\TlimFinalProj2Dshooter\Library\PackageCache\com.unity.modules.umbra)
    com.unity.modules.unityanalytics@1.0.0 (location: C:\Users\thhon\UnityFiles\TlimFinalProj2Dshooter\Library\PackageCache\com.unity.modules.unityanalytics)
    com.unity.modules.unitywebrequest@1.0.0 (location: C:\Users\thhon\UnityFiles\TlimFinalProj2Dshooter\Library\PackageCache\com.unity.modules.unitywebrequest)
    com.unity.modules.unitywebrequestassetbundle@1.0.0 (location: C:\Users\thhon\UnityFiles\TlimFinalProj2Dshooter\Library\PackageCache\com.unity.modules.unitywebrequestassetbundle)
    com.unity.modules.unitywebrequestaudio@1.0.0 (location: C:\Users\thhon\UnityFiles\TlimFinalProj2Dshooter\Library\PackageCache\com.unity.modules.unitywebrequestaudio)
    com.unity.modules.unitywebrequesttexture@1.0.0 (location: C:\Users\thhon\UnityFiles\TlimFinalProj2Dshooter\Library\PackageCache\com.unity.modules.unitywebrequesttexture)
    com.unity.modules.unitywebrequestwww@1.0.0 (location: C:\Users\thhon\UnityFiles\TlimFinalProj2Dshooter\Library\PackageCache\com.unity.modules.unitywebrequestwww)
    com.unity.modules.vectorgraphics@1.0.0 (location: C:\Users\thhon\UnityFiles\TlimFinalProj2Dshooter\Library\PackageCache\com.unity.modules.vectorgraphics)
    com.unity.modules.vehicles@1.0.0 (location: C:\Users\thhon\UnityFiles\TlimFinalProj2Dshooter\Library\PackageCache\com.unity.modules.vehicles)
    com.unity.modules.video@1.0.0 (location: C:\Users\thhon\UnityFiles\TlimFinalProj2Dshooter\Library\PackageCache\com.unity.modules.video)
    com.unity.modules.wind@1.0.0 (location: C:\Users\thhon\UnityFiles\TlimFinalProj2Dshooter\Library\PackageCache\com.unity.modules.wind)
    com.unity.modules.xr@1.0.0 (location: C:\Users\thhon\UnityFiles\TlimFinalProj2Dshooter\Library\PackageCache\com.unity.modules.xr)
    com.unity.modules.subsystems@1.0.0 (location: C:\Users\thhon\UnityFiles\TlimFinalProj2Dshooter\Library\PackageCache\com.unity.modules.subsystems)
    com.unity.modules.hierarchycore@1.0.0 (location: C:\Users\thhon\UnityFiles\TlimFinalProj2Dshooter\Library\PackageCache\com.unity.modules.hierarchycore)
    com.unity.ext.nunit@2.1.0 (location: C:\Users\thhon\UnityFiles\TlimFinalProj2Dshooter\Library\PackageCache\com.unity.ext.nunit@44f7d31723bd)
    com.unity.render-pipelines.core@17.5.0 (location: C:\Users\thhon\UnityFiles\TlimFinalProj2Dshooter\Library\PackageCache\com.unity.render-pipelines.core@9fe9377312a8)
    com.unity.shadergraph@17.5.0 (location: C:\Users\thhon\UnityFiles\TlimFinalProj2Dshooter\Library\PackageCache\com.unity.shadergraph@2df19e8719bc)
    com.unity.render-pipelines.universal-config@17.5.0 (location: C:\Users\thhon\UnityFiles\TlimFinalProj2Dshooter\Library\PackageCache\com.unity.render-pipelines.universal-config@fdda01c80fe3)
    com.unity.mathematics@1.4.0 (location: C:\Users\thhon\UnityFiles\TlimFinalProj2Dshooter\Library\PackageCache\com.unity.mathematics@981956d94fb6)
    com.unity.collections@6.5.0 (location: C:\Users\thhon\UnityFiles\TlimFinalProj2Dshooter\Library\PackageCache\com.unity.collections@a43cabe808ca)
[Subsystems] No new subsystems found in resolved package list.
[Package Manager] Done registering packages in 0.10 seconds
info: Microsoft.Hosting.Lifetime[14]
      Now listening on: http://localhost:80
info: Microsoft.Hosting.Lifetime[0]
      Application started. Press Ctrl+C to shut down.
info: Microsoft.Hosting.Lifetime[0]
      Hosting environment: Production
info: Microsoft.Hosting.Lifetime[0]
      Content root path: C:\Users\thhon\UnityFiles\TlimFinalProj2Dshooter
info: Microsoft.AspNetCore.Hosting.Diagnostics[1]
      Request starting HTTP/2 POST http://ilpp/UnityILPP.PostProcessing/Ping - application/grpc -
info: Microsoft.AspNetCore.Routing.EndpointMiddleware[0]
      Executing endpoint 'gRPC - /UnityILPP.PostProcessing/Ping'
info: Microsoft.AspNetCore.Routing.EndpointMiddleware[1]
      Executed endpoint 'gRPC - /UnityILPP.PostProcessing/Ping'
info: Microsoft.AspNetCore.Hosting.Diagnostics[2]
      Request finished HTTP/2 POST http://ilpp/UnityILPP.PostProcessing/Ping - 200 - application/grpc 34.2183ms
Starting: C:\Program Files\Unity\Hub\Editor\6000.5.2f1\Editor\Data\Tools\BuildPipeline\bee_backend.exe --ipc --defer-dag-verification --dagfile="Library/Bee/1900b0aE.dag" --continue-on-failure --profile="Library/Bee/backend1.traceevents" ScriptAssemblies
WorkingDir: C:/Users/thhon/UnityFiles/TlimFinalProj2Dshooter
info: Microsoft.AspNetCore.Hosting.Diagnostics[1]
      Request starting HTTP/2 POST http://ilpp/UnityILPP.PostProcessing/ConfigurePostProcessors - application/grpc -
info: Microsoft.AspNetCore.Routing.EndpointMiddleware[0]
      Executing endpoint 'gRPC - /UnityILPP.PostProcessing/ConfigurePostProcessors'
warn: Unity.ILPP.Runner.PostProcessingAssemblyLoadContext[0]
      Assembly system.runtime.interopservices.windowsruntime has duplicate hint path. Ignoring "C:\Program Files\Unity\Hub\Editor\6000.5.2f1\Editor\Data\UnityReferenceAssemblies\unity-4.8-api\Facades\System.Runtime.InteropServices.WindowsRuntime.dll" in favor of "C:\Program Files\Unity\Hub\Editor\6000.5.2f1\Editor\Data\NetStandard\Extensions\2.0.0\System.Runtime.InteropServices.WindowsRuntime.dll"
warn: Unity.ILPP.Runner.PostProcessingAssemblyLoadContext[0]
      Assembly system.componentmodel.composition has duplicate hint path. Ignoring "C:\Program Files\Unity\Hub\Editor\6000.5.2f1\Editor\Data\UnityReferenceAssemblies\unity-4.8-api\System.ComponentModel.Composition.dll" in favor of "C:\Program Files\Unity\Hub\Editor\6000.5.2f1\Editor\Data\NetStandard\compat\2.1.0\shims\netfx\System.ComponentModel.Composition.dll"
info: Unity.ILPP.Runner.PostProcessingAssemblyLoadContext[0]
      Resolved Unity.Burst.Cecil, Version=0.11.6.0, Culture=neutral, PublicKeyToken=50cebf1cceb9d05e with Library\PackageCache\com.unity.burst@6bb9aca3ef38\Unity.Burst.CodeGen\Unity.Burst.Cecil.dll
info: Unity.ILPP.Runner.PostProcessingAssemblyLoadContext[0]
      Resolved Mono.Cecil, Version=0.11.5.0, Culture=neutral, PublicKeyToken=50cebf1cceb9d05e with Library\PackageCache\com.unity.nuget.mono-cecil@ecb9724e46ff\Mono.Cecil.dll
info: Microsoft.AspNetCore.Routing.EndpointMiddleware[1]
      Executed endpoint 'gRPC - /UnityILPP.PostProcessing/ConfigurePostProcessors'
info: Microsoft.AspNetCore.Hosting.Diagnostics[2]
      Request finished HTTP/2 POST http://ilpp/UnityILPP.PostProcessing/ConfigurePostProcessors - 200 - application/grpc 439.0418ms
ExitCode: 0 Duration: 1s237ms
[ 856/1100  0s] ILPP-Configuration Library/ilpp-configuration.nevergeneratedoutput
*** Tundra build success (1.16 seconds), 1 items updated, 1100 evaluated
AssetDatabase: script compilation time: 1.896855s
Begin MonoManager ReloadAssembly
Refreshing native plugins compatible for Editor in 59.25 ms, found 5 plugins.
Native extension for WindowsStandalone target not found
Refreshing native plugins compatible for Editor in 5.82 ms, found 5 plugins.
ScheduleIndexationOnStartup MainProcess:True IndexOnStartup:True
Mono: successfully reloaded assembly
- Finished resetting the current domain, in  4.422 seconds
Domain Reload Profiling: 6454ms
	BeginReloadAssembly (458ms)
		DisableScriptedObjects (39ms)
		CreateAndSetChildDomain (180ms)
	RebuildCommonClasses (9ms)
	RebuildNativeTypeToScriptingClass (18ms)
	initialDomainReloadingComplete (110ms)
	LoadAllAssembliesAndSetupDomain (1435ms)
		LoadAssemblies (1144ms)
		AnalyzeDomain (295ms)
			TypeCache.Refresh (209ms)
				TypeCache.ScanAssembly (193ms)
			BuildScriptInfoCaches (77ms)
			ResolveRequiredComponents (7ms)
	FinalizeReload (4424ms)
		SetupLoadedEditorAssemblies (0ms)
			BeforeProcessingInitializeOnLoad (90ms)
			ProcessInitializeOnLoadAttributes (3057ms)
			ProcessInitializeOnLoadMethodAttributes (822ms)
			AfterProcessingInitializeOnLoad (15ms)
		AwakeInstancesAfterBackupRestoration (37ms)
Starting new worker id: 0 with log in C:/Users/thhon/UnityFiles/TlimFinalProj2Dshooter/Logs/AssetImportWorkerHW0.log

Asset Pipeline Refresh (id=152320c8ae7d4ef44a34d75b4da14751): Total: 15.082 seconds - Initiated by InitialRefreshV2(ForceSynchronousImport)
	(Values over 0.05ms)
	Summary:
		Imports: total=0 (actual=0, local cache=0, cache server=0)
		Asset DB Process Time: managed=0 ms, native=10649 ms
		Asset DB Callback time: managed=145 ms, native=126 ms
		Scripting: domain reloads=1, domain reload time=2156 ms, compile time=1901 ms, other=103 ms
		Project Asset Count: scripts=1564, non-scripts=3214
		Asset File Changes: new=0, changed=0, moved=0, deleted=0
		Scan Filter Count: 0
	InvokePackagesCallback: 131.128ms
	ApplyChangesToAssetFolders: 1.341ms
	Scan: 693.828ms
	Collect global state as custom dependencies: 8.138ms
	CategorizeScriptCompilationAssets: 252.224ms
	ProcessAssetsWithTransientArtifactChanges: 102.737ms
	CategorizeAssets: 121.214ms
	CompileScripts: 1901.119ms
	ImportOutOfDateAssets: 4628.941ms (4542.758ms without children)
		UnloadImportedAssets: 0.781ms
		EnsureUptoDateAssetsAreRegisteredWithGuidPM: 0.881ms
		ImportSchedulerStart: 84.470ms
	PostProcessAllAssets: 145.235ms
		MonoPostProcessAllAssets: 145.109ms
			UniversalRenderPipelineGlobalSettingsPostprocessor.OnPostprocessAllAssets 63.301ms
			SpeedTree9Postprocessor.OnPostprocessAllAssets 5.505ms
			WindowAssetPostprocessingWatcher.OnPostprocessAllAssets 3.878ms
			RenderPipelineGlobalSettingsPostprocessor.OnPostprocessAllAssets 2.494ms
			ShaderReflectionAssetPostProcessor.OnPostprocessAllAssets 1.179ms
			InputActionAssetPostprocessor.OnPostprocessAllAssets 0.844ms
			TerrainToolbarOverlayPostProcessor.OnPostprocessAllAssets 0.836ms
			ProjectSettingsPostprocessor.OnPostprocessAllAssets 0.712ms
			ReferencedClipsPostProcessor.OnPostprocessAllAssets 0.678ms
			AssetDatabaseCallbacks.OnPostprocessAllAssets 0.579ms
			SyncVS.PostprocessSyncProject 0.287ms
	UnloadStreamsBegin: 3.680ms
	PersistCurrentRevisions: 0.356ms
	GenerateScriptTypeHashes: 3.481ms
	GenerateScriptTypeSerializationHashes: 6.566ms
	Untracked: 7081.513ms

Application.AssetDatabase Initial Refresh End
Launched and connected shader compiler UnityShaderCompiler.exe after 0.04 seconds
Scanning for USB devices : 10.423ms
Initializing Unity extensions:
[MODES] ModeService[none].Initialize
[MODES] ModeService[none].LoadModes
[MODES] Loading mode Default (0) for mode-current-id-TlimFinalProj2Dshooter
Unloading 31 Unused Serialized files (Serialized files now loaded: 0)
Loaded scene 'Assets/Scenes/SampleScene.unity'
	Deserialize:            143.331 ms
	Integration:            512.637 ms
	Integration of assets:  66.927 ms
	Thread Wait Time:       2.738 ms
	Total Operation Time:   725.632 ms
Unloading 7210 unused Assets / (5.2 MB). Loaded Objects now: 8239.
Memory consumption went from 439.0 MB to 433.8 MB.
Total: 30.286900 ms (FindLiveObjects: 1.020300 ms CreateObjectMapping: 4.365400 ms MarkObjects: 10.290600 ms  DeleteObjects: 9.975200 ms)

[LAYOUT] About to load UserSettings\Layouts\default-6000.dwlt, keepMainWindow=False
[LAYOUT] About to save layout C:\Users\thhon\UnityFiles\TlimFinalProj2Dshooter\UserSettings\Layouts\default-6000.dwlt
[LAYOUT] About to save layout C:/Users/thhon/AppData/Roaming/Unity/Editor-5.x/Preferences\Layouts\current\default-6000.dwlt
[MODES] ModeService[default].InitializeCurrentMode
[MODES] ModeService[default].RaiseModeChanged(default, default)
<RI> Initializing input.
Using Windows.Gaming.Input
[Project] Loading completed in 32.619 seconds
	Project init time: 				28.473 seconds
		Template init time: 		0.000 seconds
		Package Manager init time: 		5.522 seconds
		Asset Database init time: 		1.275 seconds
		Global illumination init time: 	0.015 seconds
		Assemblies load time: 			2.394 seconds
		Unity extensions init time: 	0.141 seconds
		Asset Database refresh time: 	15.084 seconds
	Scene opening time: 			3.415 seconds
##utp:{"type":"ProjectInfo","version":2,"phase":"Immediate","time":1785426631441,"processId":2192,"projectLoad":32.6189433,"projectInit":28.4730382,"templateInit":0.0,"packageManagerInit":5.5217162,"assetDatabaseInit":1.2748089,"globalIlluminationInit":0.0154719,"assembliesLoad":2.3939063,"unityExtensionsInit":0.1406552,"assetDatabaseRefresh":15.0836935,"sceneOpening":3.4154661}
##utp:{"type":"EditorInfo","version":2,"phase":"Immediate","time":1785426631441,"processId":2192,"editorVersion":"6000.5.2f1 (eb73d3b415a1)","branch":"6000.5/staging","buildType":"Release","platform":"Windows"}
Worker ready: AssetImportWorkerHW0 0
Created GICache directory at C:/Users/thhon/AppData/LocalLow/Unity/Caches/GiCache. Took: 0.088s, timestamps: [36.161 - 36.249]
[Licensing::Client] Successfully resolved entitlement details
[Licensing::Client] Successfully updated the access token
[Licensing::Module] Successfully updated access token: "YoMCiaom"... (expires: 2026-07-30T17:49:00Z)
[Licensing::Client] Successfully resolved entitlement details
[Licensing::Client] Successfully resolved entitlement details
UPID Received '152c756f-0793-4e0d-be5b-05c4053e3690'.
TrimDiskCacheJob: Current cache size 0mb
Asset Pipeline Refresh (id=f72ea47e5bfdc36439d5a9385e56685f): Total: 0.190 seconds - Initiated by RefreshV2(AllowForceSynchronousImport)
Start Indexing on Editor startup
[Indexing] Starting Initial Indexing for Assets
Starting new worker id: 1 with log in C:/Users/thhon/UnityFiles/TlimFinalProj2Dshooter/Logs/AssetImportWorkerHW1.log
[Worker0] Imported GUID: e1ff9ff8903c89741b15bde3d60b3338 - Path: Assets/Prefabs/ItemHeal.prefab - Importer: ScriptedImporter/UnityEditor.QuickSearchModule:UnityEditor.Search:ASIAI0B -> (ImportResultId: '830e5f0d7ed03a4433d6140f88e858df') in 0.6644786 seconds
[Worker0] Imported GUID: 51e160c44255e5b489ee7a13f071a910 - Path: Assets/Scripts/BulletController.cs - Importer: ScriptedImporter/UnityEditor.QuickSearchModule:UnityEditor.Search:ASIAI0B -> (ImportResultId: '930e19ccb49757e6169efdfbac9397e0') in 0.0652955 seconds
[Worker0] Imported GUID: aa0509fedeceeb440b9660365c867e7e - Path: Assets/Prefabs/Enemy 1.prefab - Importer: ScriptedImporter/UnityEditor.QuickSearchModule:UnityEditor.Search:ASIAI0B -> (ImportResultId: '7de07a0204ff2be19a1c6dbf95950ec0') in 0.0824718 seconds
[Worker0] Imported GUID: a411464d390a41a4a98c8c587ce2c391 - Path: Assets/Scripts/PlayerController.cs - Importer: ScriptedImporter/UnityEditor.QuickSearchModule:UnityEditor.Search:ASIAI0B -> (ImportResultId: 'd144c6b6e23c624b04a5f7326532a4e1') in 0.0628245 seconds
[Worker0] Imported GUID: d5d6d97bb2778a0439fcd46daab5e994 - Path: Assets/Scripts/EnemyController.cs - Importer: ScriptedImporter/UnityEditor.QuickSearchModule:UnityEditor.Search:ASIAI0B -> (ImportResultId: 'a278338cd8a75d1a44973ad596592c26') in 0.0877122 seconds
Worker ready: AssetImportWorkerHW1 1
Asset Pipeline Refresh (id=17323df90c4acee42b4ad0872307921d): Total: 0.163 seconds - Initiated by RefreshV2(AllowForceSynchronousImport)
Asset Pipeline Refresh (id=1c73af33fd96a4a40b5634dfa1ad7bac): Total: 0.016 seconds - Initiated by RefreshV2(AllowForceSynchronousImport)
Asset Pipeline Refresh (id=b730fc42f069eda4d9ae8f7385e29d52): Total: 0.010 seconds - Initiated by RefreshV2(AllowForceSynchronousImport)
Asset Pipeline Refresh (id=88b20c9650c103640ae22d1dc9d24f44): Total: 0.015 seconds - Initiated by RefreshV2(AllowForceSynchronousImport)
Asset Pipeline Refresh (id=ce14b4d49001db140acd8c761ce5d2d3): Total: 0.023 seconds - Initiated by RefreshV2(AllowForceSynchronousImport)
Asset Pipeline Refresh (id=49c197faeae74f14ea73a7f65d5e4722): Total: 0.020 seconds - Initiated by RefreshV2(AllowForceSynchronousImport)
Asset Pipeline Refresh (id=f51cd7d11e3abd24bbdaee0b4c9462d8): Total: 0.030 seconds - Initiated by RefreshV2(AllowForceSynchronousImport)
Asset Pipeline Refresh (id=44cf0d5d71b96fb4296a62b57e72d81d): Total: 0.016 seconds - Initiated by RefreshV2(AllowForceSynchronousImport)
MonoPathRemapper: Attempts to remap: 52576; Successful remaps: 23134
Serialized file version minimum: 23, current 23
[LAYOUT] About to save layout C:\Users\thhon\UnityFiles\TlimFinalProj2Dshooter\UserSettings\Layouts\default-6000.dwlt
[LAYOUT] About to save layout C:/Users/thhon/AppData/Roaming/Unity/Editor-5.x/Preferences\Layouts\current\default-6000.dwlt
Input System module state changed to: ShutdownInProgress.
Input Polling Thread exited.
Input System module state changed to: Shutdown.
[Physics::Module] Cleanup current backend.
[Physics::Module] Id: 0xf2b8ea05
[Licensing::IpcConnector] LicenseClient-thhon-6000.5.2-notifications channel disconnected successfully.
[Licensing::IpcConnector] LicenseClient-thhon-6000.5.2 channel disconnected successfully.
Shut down.
AcceleratorClientConnectionCallback - disconnected - :0
Cleanup mono
CodeReloadManager destroyed
debugger-agent: Unable to listen on 3912
Checking for leaked weakptr:
  Found no leaked weakptrs.
[Package Manager] Server process was shutdown
##utp:{"type":"MemoryLeaks","version":2,"phase":"Immediate","time":1785429788172,"processId":2192,"allocatedMemory":52236796,"memoryLabels":[{"Default":216207},{"Permanent":15516},{"NewDelete":66293},{"Thread":4197560},{"Manager":820261},{"VertexData":8},{"Geometry":816},{"Texture":24},{"Shader":856974},{"Material":24},{"GfxDevice":55328},{"Animation":952},{"Audio":1544},{"FreeType":8},{"FontEngine":736},{"Physics":2146},{"Physics2D":16},{"Serialization":65808},{"Input":45280},{"JobScheduler":256},{"TextLib":19030},{"Mono":48},{"MonoCode":128},{"ScriptingNativeRuntime":1574468},{"BaseObject":1677913},{"Resource":1208},{"Renderer":3080},{"Transform":4685},{"File":4005},{"WebCam":616},{"Culling":32},{"Terrain":11442},{"Wind":24},{"STL":40},{"String":9777},{"StaticString":3808},{"Utility":2673426},{"Curl":48},{"PoolAlloc":2360},{"AI":80},{"TypeTree":14869},{"CodeReload":448},{"RuntimeInitializeOnLoadManager":64},{"Sprites":102},{"SpriteAtlas":120},{"GI":7816},{"Director":8296},{"CloudService":7096},{"WebRequest":4803},{"VR":47114},{"SceneManager":608},{"Video":208},{"LazyScriptCache":32},{"NativeArray":33053980},{"Camera":17},{"Secure":265},{"SerializationCache":1576},{"APIUpdating":10320},{"Subsystems":336},{"VirtualTexturing":57888},{"StaticSafetyDebugInfo":278528},{"Analytics":552},{"Hierarchy":1176},{"UIElements":732640},{"CoreStats":13688},{"Identifiers":6768},{"Gui":268322},{"EditorUtility":279768},{"VersionControl":8},{"Undo":931},{"AssetDatabase":5054119},{"AssetImporter":40},{"EditorGi":328},{"UnityConnect":35346},{"Upm":1988},{"UpmDiagnostics":8},{"AssetCompliance":64},{"DrivenProperties":72},{"LocalIPC":211},{"ProfilerEditor":9746},{"CoreBusinessMetrics":3480},{"Windowing":456},{"Licensing":664},{"AssetReference":32},{"IPCStream":32}]}
